// Jest Snapshot v1, https://goo.gl/fbAQLP

exports[`basicCompaniesQuery should include the exchange filter 1`] = `"with \`lastPrices\` as (select \`company_id\`, \`price\` as \`last_price\`, \`date\` as \`last_price_date\` from \`swsCompanyPriceClose\` group by \`company_id\` order by \`date_created\` asc) select \`swsCompany\`.\`id\`, \`name\`, \`ticker_symbol\`, \`exchange_country_iso\`, \`exchange_symbol\`, \`last_price\`, \`last_price_date\`, \`total\` as \`snowflake_score\`, COUNT(*) OVER() AS total_companies from \`swsCompany\` left join \`swsCompanyScore\` on \`swsCompany\`.\`id\` = \`swsCompanyScore\`.\`company_id\` left join \`lastPrices\` on \`swsCompany\`.\`id\` = \`lastPrices\`.\`company_id\` where \`exchange_symbol\` = 'some exchange'"`;

exports[`basicCompaniesQuery should include the score filter 1`] = `"with \`lastPrices\` as (select \`company_id\`, \`price\` as \`last_price\`, \`date\` as \`last_price_date\` from \`swsCompanyPriceClose\` group by \`company_id\` order by \`date_created\` asc) select \`swsCompany\`.\`id\`, \`name\`, \`ticker_symbol\`, \`exchange_country_iso\`, \`exchange_symbol\`, \`last_price\`, \`last_price_date\`, \`total\` as \`snowflake_score\`, COUNT(*) OVER() AS total_companies from \`swsCompany\` left join \`swsCompanyScore\` on \`swsCompany\`.\`id\` = \`swsCompanyScore\`.\`company_id\` left join \`lastPrices\` on \`swsCompany\`.\`id\` = \`lastPrices\`.\`company_id\` where \`snowflake_score\` > NaN"`;

exports[`should change when exchange filter is provided 1`] = `"with \`lastPrices\` as (select \`company_id\`, \`price\` as \`last_price\`, \`date\` as \`last_price_date\` from \`swsCompanyPriceClose\` group by \`company_id\` order by \`date_created\` asc) select \`swsCompany\`.\`id\`, \`name\`, \`ticker_symbol\`, \`exchange_country_iso\`, \`exchange_symbol\`, \`last_price\`, \`last_price_date\`, \`total\` as \`snowflake_score\`, COUNT(*) OVER() AS total_companies from \`swsCompany\` left join \`swsCompanyScore\` on \`swsCompany\`.\`id\` = \`swsCompanyScore\`.\`company_id\` left join \`lastPrices\` on \`swsCompany\`.\`id\` = \`lastPrices\`.\`company_id\` where \`exchange_symbol\` = 'some exchange'"`;

exports[`should change when score filter is provided 1`] = `"with \`lastPrices\` as (select \`company_id\`, \`price\` as \`last_price\`, \`date\` as \`last_price_date\` from \`swsCompanyPriceClose\` group by \`company_id\` order by \`date_created\` asc) select \`swsCompany\`.\`id\`, \`name\`, \`ticker_symbol\`, \`exchange_country_iso\`, \`exchange_symbol\`, \`last_price\`, \`last_price_date\`, \`total\` as \`snowflake_score\`, COUNT(*) OVER() AS total_companies from \`swsCompany\` left join \`swsCompanyScore\` on \`swsCompany\`.\`id\` = \`swsCompanyScore\`.\`company_id\` left join \`lastPrices\` on \`swsCompany\`.\`id\` = \`lastPrices\`.\`company_id\` where \`snowflake_score\` > NaN"`;
